{
  "timestamp": "2026-08-02 14:29:21.649776",
  "device_info": {
    "serial_number": "AD4AN1QwUBYgOTNO",
    "model": "0",
    "git_hash": "6f063a90a97012dc9f6ccc420390c5a6cc55fac7",
    "git_dirty": false,
    "git_timestamp": 1779983577,
    "uuid": "b9fd22c5-bc3e-4fa4-9028-c23955bc57b0"
  },
  "calibration": {
    "invert": false,
    "phase_invert": false,
    "poles": 24,
    "offset": [
      0.47763097070610727,
      0.48821016624517544,
      0.5123945996045659,
      0.5279372716174662,
      0.5401540886329901,
      0.5426895035327379,
      0.5359132289696177,
      0.5367706668636166,
      0.5268512344009232,
      0.5222703517217703,
      0.5080275737042204,
      0.5012838801642548,
      0.49561887697009777,
      0.4921395877482879,
      0.4878326031690913,
      0.47787727152097814,
      0.46808710582183705,
      0.4578900564120792,
      0.4470452260828105,
      0.4306548120812047,
      0.4061329263164472,
      0.38473701624316137,
      0.37253792273637604,
      0.35827286350070725,
      0.3417573080529256,
      0.31836132737105993,
      0.3107273682702047,
      0.29888684245330926,
      0.30247814066814954,
      0.3071059324516741,
      0.3153244185212978,
      0.32616435786698317,
      0.3321159811750958,
      0.3466461164126338,
      0.347428635995476,
      0.3560574303738159,
      0.35246371319170283,
      0.34682474546512976,
      0.33115592280285644,
      0.31298661654263915,
      0.3014438736179035,
      0.2872914587267352,
      0.2824487428170056,
      0.27011319974334713,
      0.26730483281753165,
      0.27071943292760003,
      0.28658477835259194,
      0.3043101735063384,
      0.31777897816656636,
      0.32737061622776265,
      0.34257085163808076,
      0.3621524080907145,
      0.38151601035671057,
      0.3912139041084573,
      0.388657387296585,
      0.3861380108165369,
      0.38676806260787794,
      0.4000875790342206,
      0.39879863997738413,
      0.4003149647883853,
      0.4007029100270866,
      0.41491726287825426,
      0.4375143440435665,
      0.45444511651547187
    ],
    "fit_metric": 32.092785259475825,
    "current_quality_factor": 370.70139670912107
  },
  "winding_resistance": 0.09895007931484502,
  "inductance": 4.131466908960257e-05,
  "inductance_d": 4.663674850959128e-05,
  "inductance_q": 5.359288406465599e-05,
  "inductance_d_scale": 0.0,
  "pid_dq_kp": 0.05191754435895549,
  "pid_q_kp": 0.05191754435895549,
  "pid_dq_ki": 124.3443368990578,
  "torque_bw_hz": 200.0,
  "encoder_filter_bw_hz": 200.0,
  "encoder_filter_kp": 1013.4169850289654,
  "encoder_filter_ki": 256753.49638629958,
  "kv": 344.5799836308898,
  "unwrapped_position_scale": 1.0,
  "motor_position_output_sign": 1.0,
  "abi_version": 65536,
  "voltage_mode_control": false,
  "py_version": "1.0.0"
}
