{
  "timestamp": "2026-08-02 09:11:53.431162",
  "device_info": {
    "serial_number": "AD4AN1QwUBYgOTNO",
    "model": "0",
    "git_hash": "6f063a90a97012dc9f6ccc420390c5a6cc55fac7",
    "git_dirty": false,
    "git_timestamp": 1779983577,
    "uuid": "b9fd22c5-bc3e-4fa4-9028-c23955bc57b0"
  },
  "calibration": {
    "invert": false,
    "phase_invert": false,
    "poles": 24,
    "offset": [
      0.4422340983808212,
      0.46324401689301364,
      0.495510331913885,
      0.5124810144841904,
      0.5186979663419211,
      0.5197431769809079,
      0.5177147234576513,
      0.5235382056280231,
      0.513395358322469,
      0.5072206033955612,
      0.493640284884818,
      0.48561892465921025,
      0.4786902871056657,
      0.4754341589532595,
      0.4725330064361149,
      0.465551871230866,
      0.4596091250172785,
      0.45111465684691837,
      0.4444844022537535,
      0.42874457294484264,
      0.4073002801318627,
      0.3854573137040719,
      0.3609708497786374,
      0.33671880081384736,
      0.31334784785277253,
      0.2916062247940229,
      0.27621748392842393,
      0.26183927713531063,
      0.25982775814194126,
      0.2629123753266752,
      0.2712124422317945,
      0.2827595544917951,
      0.28991973731652293,
      0.3033291037317477,
      0.3062719814066029,
      0.31335195714838976,
      0.3077034841447028,
      0.2980915615616202,
      0.2790634057717814,
      0.25709917533028626,
      0.24166199284384818,
      0.22565777795991707,
      0.2194303474664361,
      0.20236963812571426,
      0.2010239212396654,
      0.20291580318724398,
      0.21898276658294707,
      0.23966006965290418,
      0.2596044154466549,
      0.27629073279172306,
      0.2958083326626997,
      0.32236639042844134,
      0.34231803040902553,
      0.35511981713641194,
      0.3547875653378779,
      0.3500939799644799,
      0.34932756957094596,
      0.3557215453473968,
      0.3554295673418776,
      0.3554523446524729,
      0.3587994433778291,
      0.3738431760648492,
      0.3970769548333403,
      0.4139555814722068
    ],
    "fit_metric": 27.96593667558228,
    "current_quality_factor": 262.5919610303836
  },
  "winding_resistance": 0.11214866506072284,
  "inductance": 4.583725096290619e-05,
  "inductance_d": 5.087794364419426e-05,
  "inductance_q": 5.797411182170445e-05,
  "inductance_d_scale": 0.0,
  "pid_dq_kp": 0.05760078835432711,
  "pid_q_kp": 0.05760078835432711,
  "pid_dq_ki": 140.93016890586767,
  "torque_bw_hz": 200.0,
  "encoder_filter_bw_hz": 200.0,
  "encoder_filter_kp": 1013.4169850289654,
  "encoder_filter_ki": 256753.49638629958,
  "kv": 368.0763523522939,
  "unwrapped_position_scale": 1.0,
  "motor_position_output_sign": 1.0,
  "abi_version": 65536,
  "voltage_mode_control": false,
  "py_version": "1.0.0"
}
