{
  "timestamp": "2026-08-03 09:51:40.551074",
  "device_info": {
    "serial_number": "AD4AN1QwUBYgOTNO",
    "model": "0",
    "git_hash": "6f063a90a97012dc9f6ccc420390c5a6cc55fac7",
    "git_dirty": false,
    "git_timestamp": 1779983577,
    "uuid": "b9fd22c5-bc3e-4fa4-9028-c23955bc57b0"
  },
  "calibration": {
    "invert": false,
    "phase_invert": false,
    "poles": 24,
    "offset": [
      0.436076191925789,
      0.4629045280747864,
      0.4945406955284363,
      0.5494237717013939,
      0.608669857415243,
      0.6420869143602755,
      0.6106004748814441,
      0.5619937079376195,
      0.5367544338666383,
      0.5447129995662908,
      0.5382201552729671,
      0.49877735960361036,
      0.4576189912980629,
      0.4379835402347083,
      0.4704071861892599,
      0.5056207275675031,
      0.5268087256905184,
      0.5040900755126962,
      0.49199964011295066,
      0.515517861172411,
      0.557720775334867,
      0.5547412331661947,
      0.5032667845382722,
      0.43622481141685393,
      0.39531209416098956,
      0.3881180375133615,
      0.3813515299259551,
      0.35976607276586,
      0.3224244279902826,
      0.31632841126908445,
      0.36599896470911597,
      0.43574629874383963,
      0.4852686167691692,
      0.4943225856094741,
      0.508770836736437,
      0.5428380148900955,
      0.573912008984118,
      0.5790771347448863,
      0.5246243767686019,
      0.4586819001090935,
      0.40369573268193265,
      0.38876049779099886,
      0.3639250237329095,
      0.32498144459734163,
      0.27600110226289665,
      0.2530648166864199,
      0.2715036555357467,
      0.3147308039700703,
      0.3585247189493626,
      0.35961036601826496,
      0.3599233690876614,
      0.38492117700865375,
      0.4171360291450567,
      0.4265310535878276,
      0.3904061061236216,
      0.33615116579468046,
      0.28789102569498265,
      0.2835360423942181,
      0.2883949006545682,
      0.28176925893089416,
      0.25568602173365,
      0.2519648517721702,
      0.3028296794802523,
      0.3728283714424573
    ],
    "fit_metric": 19.95208728098374,
    "current_quality_factor": 115.12878233402145
  },
  "winding_resistance": 0.10213455971812384,
  "inductance": 4.453995801101652e-05,
  "inductance_d": 4.58185558466054e-05,
  "inductance_q": 5.584185509486096e-05,
  "inductance_d_scale": 0.0,
  "pid_dq_kp": 0.05597056195144294,
  "pid_q_kp": 0.05597056195144294,
  "pid_dq_ki": 128.34607299523435,
  "torque_bw_hz": 200.0,
  "encoder_filter_bw_hz": 200.0,
  "encoder_filter_kp": 1013.4169850289654,
  "encoder_filter_ki": 256753.49638629958,
  "kv": 373.61385109340523,
  "unwrapped_position_scale": 1.0,
  "motor_position_output_sign": 1.0,
  "abi_version": 65536,
  "voltage_mode_control": false,
  "py_version": "1.0.0"
}
